
> dbohranisbat@0.1.0 build
> next build

Γû▓ Next.js 16.1.6 (Turbopack)
- Environments: .env.local

  Creating an optimized production build ...
Γ£ô Compiled successfully in 2.2s
  Running TypeScript ...
  Collecting page data using 15 workers ...
  Generating static pages using 15 workers (0/12) ...
  Generating static pages using 15 workers (3/12) 
  Generating static pages using 15 workers (6/12) 
  Generating static pages using 15 workers (9/12) 
Γ£ô Generating static pages using 15 workers (12/12) in 562.5ms
  Finalizing page optimization ...

Route (app)
Γöî Γùï /
Γö£ Γùï /_not-found
Γö£ Γùï /admin
Γö£ Γùï /admin/approvals
Γö£ ╞Æ /api/otp/send
Γö£ ╞Æ /api/otp/verify
Γö£ Γùï /candidate-registration
Γö£ Γùï /icon
Γö£ Γùï /login
Γöö Γùï /onboarding


Γùï  (Static)   prerendered as static content
╞Æ  (Dynamic)  server-rendered on demand

